============================= test session starts =============================
platform win32 -- Python 3.13.5, pytest-9.0.2, pluggy-1.6.0 -- C:\Hans\Testing\02_SampleSizeEstimator\.venv\Scripts\python.exe
cachedir: .pytest_cache
hypothesis profile 'default' -> deadline=None, print_blob=True
rootdir: C:\Hans\Testing\02_SampleSizeEstimator
configfile: pyproject.toml
plugins: hypothesis-6.151.9, base-url-2.1.0, cov-7.0.0, playwright-0.7.2
collecting ... collected 1 item

tests/test_ui_playwright_attribute.py::test_property_tab_navigation FAILED [100%]

================================== FAILURES ===================================
________________________ test_property_tab_navigation _________________________
tests\test_ui_playwright_attribute.py:302: in test_property_tab_navigation
    page.locator(f"button:has-text('{tab_button_text}')").first.click()
.venv\Lib\site-packages\playwright\sync_api\_generated.py:15631: in click
    self._sync(
.venv\Lib\site-packages\playwright\_impl\_locator.py:162: in click
    return await self._frame._click(self._selector, strict=True, **params)
           ^^^^^^^^^^^^^^^^^^^^^^^^^^^^^^^^^^^^^^^^^^^^^^^^^^^^^^^^^^^^^^^
.venv\Lib\site-packages\playwright\_impl\_frame.py:566: in _click
    await self._channel.send("click", self._timeout, locals_to_params(locals()))
.venv\Lib\site-packages\playwright\_impl\_connection.py:69: in send
    return await self._connection.wrap_api_call(
.venv\Lib\site-packages\playwright\_impl\_connection.py:559: in wrap_api_call
    raise rewrite_error(error, f"{parsed_st['apiName']}: {error}") from None
E   playwright._impl._errors.TargetClosedError: Locator.click: Target page, context or browser has been closed
E   Call log:
E     - waiting for locator("button:has-text('Attribute')").first
---------------------------- Captured stdout setup ----------------------------

Launched chromium browser (headless=False)

Streamlit app started successfully at http://localhost:8501
-------------------------- Captured stdout teardown ---------------------------

Error capturing test failure artifacts: Page.screenshot: Target page, context or browser has been closed

Streamlit app terminated gracefully

Chromium browser closed
=========================== short test summary info ===========================
FAILED tests/test_ui_playwright_attribute.py::test_property_tab_navigation - playwright._impl._errors.TargetClosedError: Locator.click: Target page, context or browser has been closed
Call log:
  - waiting for locator("button:has-text('Attribute')").first
======================== 1 failed in 88.85s (0:01:28) =========================
